// Jest Snapshot v1, https://goo.gl/fbAQLP

exports[`Search component renders search 1`] = `
<DocumentFragment>
  <form>
    <label>
      <input
        id="term"
        name="term"
        type="text"
        value="chicken"
      />
    </label>
    <button>
      SEARCH
    </button>
  </form>
</DocumentFragment>
`;
