// Jest Snapshot v1, https://goo.gl/fbAQLP

exports[`App component renders App 1`] = `
<DocumentFragment>
  <form>
    <label>
      <input
        id="term"
        name="term"
        type="text"
        value=""
      />
    </label>
    <button>
      SEARCH
    </button>
  </form>
  <ul
    data-testid="articles"
  />
</DocumentFragment>
`;
